{
  "parameter": {
    "v": {
      "partition_id": "identical_population",
      "transformation": "log",
      "unit": "D",
      "type": "rate_as_duration",
      "min": 5,
      "guess": 11,
      "max": 20,
      "sd_transf": 0.02
    },
    "E_0": {
      "partition_id": "variable_population",
      "group": {
        "city1__all": {
          "transformation": "logit",
          "min": 0.023333333333333334,
          "max": 0.023333333333333334,
          "guess": 0.023333333333333334,
          "sd_transf": 0
        },
        "city2__all": {
          "transformation": "logit",
          "min": 0.023333333333333334,
          "max": 0.023333333333333334,
          "guess": 0.023333333333333334,
          "sd_transf": 0
        }
      }
    },
    "E_1": {
      "partition_id": "variable_population",
      "group": {
        "city1__all": {
          "transformation": "logit",
          "min": 0.023333333333333334,
          "max": 0.023333333333333334,
          "guess": 0.023333333333333334,
          "sd_transf": 0
        },
        "city2__all": {
          "transformation": "logit",
          "min": 0.023333333333333334,
          "max": 0.023333333333333334,
          "guess": 0.023333333333333334,
          "sd_transf": 0
        }
      },
      "follow": "E_0"
    },
    "E_2": {
      "partition_id": "variable_population",
      "group": {
        "city1__all": {
          "transformation": "logit",
          "min": 0.023333333333333334,
          "max": 0.023333333333333334,
          "guess": 0.023333333333333334,
          "sd_transf": 0
        },
        "city2__all": {
          "transformation": "logit",
          "min": 0.023333333333333334,
          "max": 0.023333333333333334,
          "guess": 0.023333333333333334,
          "sd_transf": 0
        }
      },
      "follow": "E_0"
    },
    "I_0": {
      "partition_id": "identical_population",
      "transformation": "logit",
      "min": 5e-7,
      "guess": 0.000005,
      "max": 0.00005,
      "sd_transf": 0.005
    },
    "I_1": {
      "partition_id": "identical_population",
      "transformation": "logit",
      "min": 5e-7,
      "guess": 0.000005,
      "max": 0.00005,
      "sd_transf": 0.005,
      "follow": "I_0"
    }
  }
}